// Jest Snapshot v1, https://goo.gl/fbAQLP

exports[`renders a welcome message when signed out 1`] = `
<div>
  <main
    class="container"
  >
    <div>
      <h1>
         Library Catalog 
      </h1>
    </div>
    <div>
      <h2>
        Welcome to Dangalf's Library of Computer Science!
      </h2>
      <p>
        Check out the amazing selection of books in our
         
        <a
          class="linkie"
          href="/books"
        >
          catalog
        </a>
      </p>
    </div>
  </main>
</div>
`;
